ets Jul 29 2019 12:2ï¿½ets Jul 29 2019 12:21:46

rst:0x1 (POWERON_RESET),boot:0x13 (SPI_FAST_FLASH_BOOT)
configsip: 0, SPIWP:0xee
clk_drv:0x00,q_drv:0x00,d_drv:0x00,cs0_drv:0x00,hd_drv:0x00,wp_drv:0x00
mode:DIO, clock div:2
load:0x3fff0030,len:6276
load:0x40078000,len:15716
load:0x40080400,len:4
ho 8 tail 4 room 4
load:0x40080404,len:3860
entry 0x4008063c
[0;32mI (31) boot: ESP-IDF v5.4 2nd stage bootloader[0m
[0;32mI (31) boot: compile time Jun  4 2025 20:33:14[0m
[0;32mI (31) boot: Multicore bootloader[0m
[0;32mI (32) boot: chip revision: v3.1[0m
[0;32mI (35) boot.esp32: SPI Speed      : 40MHz[0m
[0;32mI (39) boot.esp32: SPI Mode       : DIO[0m
[0;32mI (42) boot.esp32: SPI Flash Size : 4MB[0m
[0;32mI (46) boot: Enabling RNG early entropy source...[0m
[0;32mI (50) boot: Partition Table:[0m
[0;32mI (53) boot: ## Label            Usage          Type ST Offset   Length[0m
[0;32mI (59) boot:  0 nvs              WiFi data        01 02 00009000 00006000[0m
[0;32mI (66) boot:  1 phy_init         RF data          01 01 0000f000 00001000[0m
[0;32mI (72) boot:  2 factory          factory app      00 00 00010000 00100000[0m
[0;32mI (79) boot: End of partition table[0m
[0;32mI (82) esp_image: segment 0: paddr=00010020 vaddr=3f400020 size=1d7f4h (120820) map[0m
[0;32mI (131) esp_image: segment 1: paddr=0002d81c vaddr=3ff80000 size=0001ch (    28) load[0m
[0;32mI (131) esp_image: segment 2: paddr=0002d840 vaddr=3ffb0000 size=027d8h ( 10200) load[0m
[0;32mI (139) esp_image: segment 3: paddr=00030020 vaddr=400d0020 size=9b79ch (636828) map[0m
[0;32mI (360) esp_image: segment 4: paddr=000cb7c4 vaddr=3ffb27d8 size=01724h (  5924) load[0m
[0;32mI (362) esp_image: segment 5: paddr=000ccef0 vaddr=40080000 size=17874h ( 96372) load[0m
[0;32mI (412) boot: Loaded app from partition at offset 0x10000[0m
[0;32mI (413) boot: Disabling RNG early entropy source...[0m
[0;32mI (423) cpu_start: Multicore app[0m
[0;32mI (432) cpu_start: Pro cpu start user code[0m
[0;32mI (432) cpu_start: cpu freq: 160000000 Hz[0m
[0;32mI (432) app_init: Application information:[0m
[0;32mI (432) app_init: Project name:     domus_01[0m
[0;32mI (436) app_init: App version:      d252002[0m
[0;32mI (440) app_init: Compile time:     Jun  4 2025 20:33:08[0m
[0;32mI (445) app_init: ELF file SHA256:  a82be9733...[0m
[0;32mI (449) app_init: ESP-IDF:          v5.4[0m
[0;32mI (453) efuse_init: Min chip rev:     v0.0[0m
[0;32mI (457) efuse_init: Max chip rev:     v3.99 [0m
[0;32mI (461) efuse_init: Chip rev:         v3.1[0m
[0;32mI (465) heap_init: Initializing. RAM available for dynamic allocation:[0m
[0;32mI (471) heap_init: At 3FFAE6E0 len 00001920 (6 KiB): DRAM[0m
[0;32mI (476) heap_init: At 3FFB8758 len 000278A8 (158 KiB): DRAM[0m
[0;32mI (481) heap_init: At 3FFE0440 len 00003AE0 (14 KiB): D/IRAM[0m
[0;32mI (486) heap_init: At 3FFE4350 len 0001BCB0 (111 KiB): D/IRAM[0m
[0;32mI (492) heap_init: At 40097874 len 0000878C (33 KiB): IRAM[0m
[0;32mI (499) spi_flash: detected chip: generic[0m
[0;32mI (501) spi_flash: flash io: dio[0m
[0;32mI (505) main_task: Started on CPU0[0m
[0;32mI (515) main_task: Calling app_main()[0m
[0;32mI (515) mqtt_example: [APP] Starting up...[0m
[0;32mI (545) wifi:wifi driver task: 3ffc06d4, prio:23, stack:6656, core=0[0m
[0;32mI (555) wifi:wifi firmware version: 48ea317a7[0m
[0;32mI (555) wifi:wifi certification version: v7.0[0m
[0;32mI (555) wifi:config NVS flash: enabled[0m
[0;32mI (555) wifi:config nano formatting: disabled[0m
[0;32mI (565) wifi:Init data frame dynamic rx buffer num: 32[0m
[0;32mI (565) wifi:Init static rx mgmt buffer num: 5[0m
[0;32mI (565) wifi:Init management short buffer num: 32[0m
[0;32mI (575) wifi:Init dynamic tx buffer num: 32[0m
[0;32mI (575) wifi:Init static rx buffer size: 1600[0m
[0;32mI (585) wifi:Init static rx buffer num: 10[0m
[0;32mI (585) wifi:Init dynamic rx buffer num: 32[0m
[0;32mI (595) wifi_init: rx ba win: 6[0m
[0;32mI (595) wifi_init: accept mbox: 6[0m
[0;32mI (595) wifi_init: tcpip mbox: 32[0m
[0;32mI (595) wifi_init: udp mbox: 6[0m
[0;32mI (605) wifi_init: tcp mbox: 6[0m
[0;32mI (605) wifi_init: tcp tx win: 5760[0m
[0;32mI (605) wifi_init: tcp rx win: 5760[0m
[0;32mI (605) wifi_init: tcp mss: 1440[0m
[0;32mI (615) wifi_init: WiFi IRAM OP enabled[0m
[0;32mI (615) wifi_init: WiFi RX IRAM OP enabled[0m
[0;32mI (625) mqtt_example: Connecting to MVT-CRIS-2.4...[0m
[0;32mI (625) phy_init: phy_version 4840,02e0d70,Sep  2 2024,19:39:07[0m
[0;32mI (715) wifi:mode : sta (8c:4f:00:2d:84:dc)[0m
[0;32mI (715) wifi:enable tsf[0m
[0;32mI (735) wifi:new:<11,0>, old:<1,0>, ap:<255,255>, sta:<11,0>, prof:1, snd_ch_cfg:0x0[0m
[0;32mI (735) wifi:state: init -> auth (0xb0)[0m
[0;32mI (745) wifi:state: auth -> assoc (0x0)[0m
[0;32mI (765) wifi:state: assoc -> run (0x10)[0m
[0;32mI (885) wifi:connected with MVT-CRIS-2.4, aid = 4, channel 11, BW20, bssid = 60:83:e7:cc:b3:40[0m
[0;32mI (885) wifi:security: WPA2-PSK, phy: bgn, rssi: -56[0m
[0;32mI (895) wifi:pm start, type: 1[0m

[0;32mI (895) wifi:dp: 1, bi: 102400, li: 3, scale listen interval from 307200 us to 307200 us[0m
[0;32mI (975) wifi:AP's beacon interval = 102400 us, DTIM period = 1[0m
[0;32mI (1005) wifi:<ba-add>idx:0 (ifx:0, 60:83:e7:cc:b3:40), tid:0, ssn:2, winSize:64[0m
[0;32mI (2835) esp_netif_handlers: sta ip: 192.168.1.9, mask: 255.255.255.0, gw: 192.168.1.1[0m
[0;32mI (2835) mqtt_example: Got IP:192.168.1.9[0m
[0;32mI (2835) mqtt_example: Wi-Fi connected[0m
[0;32mI (2835) mqtt_example: Other event id:7[0m
[0;32mI (2845) main_task: Returned from app_main()[0m
[0;33mW (2845) PUB_TASK: MQTT Disconnected[0m
[0;32mI (4715) mqtt_example: MQTT_EVENT_CONNECTED[0m
[0;32mI (12845) PUB_TASK: Publish sent, msg_id=49623[0m
[0;32mI (12865) mqtt_example: MQTT_EVENT_PUBLISHED, msg_id=49623[0m
[0;32mI (22845) PUB_TASK: Publish sent, msg_id=23786[0m
[0;32mI (22915) mqtt_example: MQTT_EVENT_PUBLISHED, msg_id=23786[0m
[0;32mI (32845) PUB_TASK: Publish sent, msg_id=12419[0m
[0;32mI (32875) mqtt_example: MQTT_EVENT_PUBLISHED, msg_id=12419[0m
[0;32mI (42845) PUB_TASK: Publish sent, msg_id=8556[0m
[0;32mI (42975) mqtt_example: MQTT_EVENT_PUBLISHED, msg_id=8556[0m
[0;32mI (52845) PUB_TASK: Publish sent, msg_id=42985[0m
[0;32mI (53005) mqtt_example: MQTT_EVENT_PUBLISHED, msg_id=42985[0m
[0;32mI (62845) PUB_TASK: Publish sent, msg_id=14807[0m
[0;32mI (62865) mqtt_example: MQTT_EVENT_PUBLISHED, msg_id=14807[0m
[0;32mI (72845) PUB_TASK: Publish sent, msg_id=34528[0m
[0;32mI (72895) mqtt_example: MQTT_EVENT_PUBLISHED, msg_id=34528[0m
[0;32mI (82845) PUB_TASK: Publish sent, msg_id=2092[0m
[0;32mI (82945) mqtt_example: MQTT_EVENT_PUBLISHED, msg_id=2092[0m
[0;32mI (92845) PUB_TASK: Publish sent, msg_id=41948[0m
[0;32mI (92935) mqtt_example: MQTT_EVENT_PUBLISHED, msg_id=41948[0m
